Component: ARM Compiler 5.06 update 7 (build 960) Tool: armlink [4d3601]

==============================================================================

Section Cross References

    main.o(i.ADC_IRQHandler) refers to main.o(.data) for adc_res_percent
    main.o(i.LCD_ClearDisplay) refers to main.o(i.LCD_SetCursor) for LCD_SetCursor
    main.o(i.LCD_ClearDisplay) refers to main.o(i.LCD_DrawPixel) for LCD_DrawPixel
    main.o(i.LCD_DrawPixel) refers to main.o(i.LCD_WriteReg) for LCD_WriteReg
    main.o(i.LCD_Init) refers to main.o(i.LEDs_InitPorts) for LEDs_InitPorts
    main.o(i.LCD_Init) refers to main.o(i.u_delay) for u_delay
    main.o(i.LCD_Init) refers to main.o(i.LCD_WriteReg) for LCD_WriteReg
    main.o(i.LCD_Init) refers to main.o(i.LCD_ClearDisplay) for LCD_ClearDisplay
    main.o(i.LCD_SetCursor) refers to main.o(i.LCD_WriteReg) for LCD_WriteReg
    main.o(i.LCD_WriteCommand) refers to main.o(i.LCD_Output16BitWord) for LCD_Output16BitWord
    main.o(i.LCD_WriteData) refers to main.o(i.LCD_Output16BitWord) for LCD_Output16BitWord
    main.o(i.LCD_WriteLetter) refers to main.o(i.LCD_SetCursor) for LCD_SetCursor
    main.o(i.LCD_WriteLetter) refers to main.o(i.LCD_DrawPixel) for LCD_DrawPixel
    main.o(i.LCD_WriteLetter) refers to main.o(.constdata) for console_font_12x16
    main.o(i.LCD_WriteReg) refers to main.o(i.LCD_WriteCommand) for LCD_WriteCommand
    main.o(i.LCD_WriteReg) refers to main.o(i.LCD_WriteData) for LCD_WriteData
    main.o(i.LCD_WriteString) refers to main.o(i.LCD_WriteLetter) for LCD_WriteLetter
    main.o(i.TIM7_IRQHandler) refers to main.o(i.user_btn_LED_action) for user_btn_LED_action
    main.o(i.TIM7_IRQHandler) refers to main.o(i.user_btn_LCD_action) for user_btn_LCD_action
    main.o(i.TIM7_IRQHandler) refers to main.o(.data) for ms
    main.o(i.TIM8_BRK_TIM12_IRQHandler) refers to main.o(i.calcFrequency) for calcFrequency
    main.o(i.TIM8_BRK_TIM12_IRQHandler) refers to main.o(.data) for tim12_overflows
    main.o(i.USART6_IRQHandler) refers to main.o(i.usartResponseInit) for usartResponseInit
    main.o(i.USART6_IRQHandler) refers to main.o(.data) for usart_state
    main.o(i.adc_start) refers to main.o(.data) for adc_state
    main.o(i.adc_write_data) refers to main.o(i.intToString) for intToString
    main.o(i.adc_write_data) refers to main.o(i.LCD_WriteString) for LCD_WriteString
    main.o(i.adc_write_data) refers to main.o(.data) for adc_res_percent
    main.o(i.calcFrequency) refers to main.o(.data) for tim12_mode
    main.o(i.greenLEDFlash) refers to main.o(i.toggleGreenLed) for toggleGreenLed
    main.o(i.greenLEDFlash) refers to main.o(i.u_delay) for u_delay
    main.o(i.indicate_keyboard_actions) refers to main.o(i.toggleGreenLed) for toggleGreenLed
    main.o(i.lin_init) refers to main.o(i.__NVIC_SetPriority) for __NVIC_SetPriority
    main.o(i.lin_init) refers to main.o(i.__NVIC_EnableIRQ) for __NVIC_EnableIRQ
    main.o(i.main) refers to _mcpr_stm32f407_all.o(i.mcpr_SetSystemCoreClock) for mcpr_SetSystemCoreClock
    main.o(i.main) refers to main.o(i.LCD_Init) for LCD_Init
    main.o(i.main) refers to main.o(i.portInitGreenLed) for portInitGreenLed
    main.o(i.main) refers to main.o(i.keyboard_port_init) for keyboard_port_init
    main.o(i.main) refers to main.o(i.tim7_init) for tim7_init
    main.o(i.main) refers to main.o(i.tim12_init) for tim12_init
    main.o(i.main) refers to main.o(i.LCD_WriteString) for LCD_WriteString
    main.o(i.main) refers to main.o(i.pot_init) for pot_init
    main.o(i.main) refers to main.o(i.lin_init) for lin_init
    main.o(i.main) refers to main.o(i.throttle_init) for throttle_init
    main.o(i.main) refers to main.o(i.adc_write_data) for adc_write_data
    main.o(i.main) refers to main.o(i.adc_start) for adc_start
    main.o(i.main) refers to main.o(i.read_input) for read_input
    main.o(i.main) refers to main.o(i.check_input_changes) for check_input_changes
    main.o(i.main) refers to main.o(i.indicate_keyboard_actions) for indicate_keyboard_actions
    main.o(i.main) refers to main.o(i.short2bitstring) for short2bitstring
    main.o(i.main) refers to main.o(i.calcFrequency) for calcFrequency
    main.o(i.main) refers to main.o(i.intToString) for intToString
    main.o(i.main) refers to main.o(i.tim12_config) for tim12_config
    main.o(i.main) refers to main.o(i.setPWM) for setPWM
    main.o(i.main) refers to main.o(.data) for input_old
    main.o(i.pot_init) refers to main.o(i.__NVIC_SetPriority) for __NVIC_SetPriority
    main.o(i.pot_init) refers to main.o(i.__NVIC_EnableIRQ) for __NVIC_EnableIRQ
    main.o(i.read_input) refers to main.o(i.activate_row) for activate_row
    main.o(i.read_input) refers to main.o(i.u_delay) for u_delay
    main.o(i.read_input) refers to main.o(i.check_keys_in_row) for check_keys_in_row
    main.o(i.read_input) refers to main.o(i.deactivate_row) for deactivate_row
    main.o(i.setPWM) refers to main.o(.data) for adc_res_percent
    main.o(i.tim12_config) refers to main.o(i.__NVIC_EnableIRQ) for __NVIC_EnableIRQ
    main.o(i.tim12_config) refers to main.o(.data) for tim12_mode
    main.o(i.tim12_init) refers to main.o(i.__NVIC_SetPriority) for __NVIC_SetPriority
    main.o(i.tim12_init) refers to main.o(i.tim12_config) for tim12_config
    main.o(i.tim7_init) refers to main.o(i.__NVIC_SetPriority) for __NVIC_SetPriority
    main.o(i.tim7_init) refers to main.o(i.__NVIC_EnableIRQ) for __NVIC_EnableIRQ
    main.o(i.toggleGreenLed) refers to main.o(.data) for LED_timer
    main.o(i.usartResponseInit) refers to main.o(.data) for linDataBuffer_idx_max
    main.o(i.user_btn_LCD_action) refers to main.o(i.LCD_toggle_backlight) for LCD_toggle_backlight
    main.o(i.user_btn_LCD_action) refers to main.o(.data) for user_btn_pressed
    main.o(i.user_btn_LED_action) refers to main.o(i.toggleGreenLed) for toggleGreenLed
    main.o(i.user_btn_LED_action) refers to main.o(.data) for user_btn_pressed
    _mcpr_stm32f407_all.o(i.SysTick_Handler) refers to _mcpr_stm32f407_all.o(.data) for is
    _mcpr_stm32f407_all.o(i.mcpr_ConfigSystemTick) refers to system_stm32f4xx.o(.data) for SystemCoreClock
    _mcpr_stm32f407_all.o(i.mcpr_SetSysClock) refers to system_stm32f4xx.o(.data) for SystemCoreClock
    _mcpr_stm32f407_all.o(i.mcpr_SetSysClockTick) refers to _mcpr_stm32f407_all.o(i.mcpr_SetSystemCoreClock) for mcpr_SetSystemCoreClock
    _mcpr_stm32f407_all.o(i.mcpr_SetSysClockTick) refers to _mcpr_stm32f407_all.o(i.mcpr_ConfigSystemTick) for mcpr_ConfigSystemTick
    _mcpr_stm32f407_all.o(i.mcpr_SetSystemCoreClock) refers to _mcpr_stm32f407_all.o(i.mcpr_SetSysClock) for mcpr_SetSysClock
    _mcpr_stm32f407_all.o(i.mcpr_SetSystemCoreClock) refers to system_stm32f4xx.o(i.SystemCoreClockUpdate) for SystemCoreClockUpdate
    _mcpr_stm32f407_all.o(i.mcpr_SetSystemCoreClock) refers to _mcpr_stm32f407_all.o(i.SystemInit_ExtMemCtl) for SystemInit_ExtMemCtl
    startup_stm32f407xx.o(STACK) refers (Special) to heapauxi.o(.text) for __use_two_region_memory
    startup_stm32f407xx.o(HEAP) refers (Special) to heapauxi.o(.text) for __use_two_region_memory
    startup_stm32f407xx.o(RESET) refers (Special) to heapauxi.o(.text) for __use_two_region_memory
    startup_stm32f407xx.o(RESET) refers to startup_stm32f407xx.o(STACK) for __initial_sp
    startup_stm32f407xx.o(RESET) refers to startup_stm32f407xx.o(.text) for Reset_Handler
    startup_stm32f407xx.o(RESET) refers to _mcpr_stm32f407_all.o(i.SysTick_Handler) for SysTick_Handler
    startup_stm32f407xx.o(RESET) refers to main.o(i.ADC_IRQHandler) for ADC_IRQHandler
    startup_stm32f407xx.o(RESET) refers to main.o(i.TIM8_BRK_TIM12_IRQHandler) for TIM8_BRK_TIM12_IRQHandler
    startup_stm32f407xx.o(RESET) refers to main.o(i.TIM7_IRQHandler) for TIM7_IRQHandler
    startup_stm32f407xx.o(RESET) refers to main.o(i.USART6_IRQHandler) for USART6_IRQHandler
    startup_stm32f407xx.o(.text) refers (Special) to heapauxi.o(.text) for __use_two_region_memory
    startup_stm32f407xx.o(.text) refers to system_stm32f4xx.o(i.SystemInit) for SystemInit
    startup_stm32f407xx.o(.text) refers to __main.o(!!!main) for __main
    startup_stm32f407xx.o(.text) refers to startup_stm32f407xx.o(HEAP) for Heap_Mem
    startup_stm32f407xx.o(.text) refers to startup_stm32f407xx.o(STACK) for Stack_Mem
    system_stm32f4xx.o(i.SystemCoreClockUpdate) refers to system_stm32f4xx.o(.data) for SystemCoreClock
    system_stm32f4xx.o(i.SystemCoreClockUpdate) refers to system_stm32f4xx.o(.constdata) for AHBPrescTable
    __main.o(!!!main) refers to __rtentry.o(.ARM.Collect$$rtentry$$00000000) for __rt_entry
    __rtentry.o(.ARM.Collect$$rtentry$$00000000) refers (Special) to __rtentry2.o(.ARM.Collect$$rtentry$$0000000A) for __rt_entry_li
    __rtentry.o(.ARM.Collect$$rtentry$$00000000) refers (Special) to __rtentry2.o(.ARM.Collect$$rtentry$$0000000D) for __rt_entry_main
    __rtentry.o(.ARM.Collect$$rtentry$$00000000) refers (Special) to __rtentry2.o(.ARM.Collect$$rtentry$$0000000C) for __rt_entry_postli_1
    __rtentry.o(.ARM.Collect$$rtentry$$00000000) refers (Special) to __rtentry2.o(.ARM.Collect$$rtentry$$00000009) for __rt_entry_postsh_1
    __rtentry.o(.ARM.Collect$$rtentry$$00000000) refers (Special) to __rtentry2.o(.ARM.Collect$$rtentry$$00000002) for __rt_entry_presh_1
    __rtentry.o(.ARM.Collect$$rtentry$$00000000) refers (Special) to __rtentry4.o(.ARM.Collect$$rtentry$$00000004) for __rt_entry_sh
    __rtentry2.o(.ARM.Collect$$rtentry$$00000008) refers to boardinit2.o(.text) for _platform_post_stackheap_init
    __rtentry2.o(.ARM.Collect$$rtentry$$0000000A) refers to libinit.o(.ARM.Collect$$libinit$$00000000) for __rt_lib_init
    __rtentry2.o(.ARM.Collect$$rtentry$$0000000B) refers to boardinit3.o(.text) for _platform_post_lib_init
    __rtentry2.o(.ARM.Collect$$rtentry$$0000000D) refers to main.o(i.main) for main
    __rtentry2.o(.ARM.Collect$$rtentry$$0000000D) refers to exit.o(.text) for exit
    __rtentry2.o(.ARM.exidx) refers to __rtentry2.o(.ARM.Collect$$rtentry$$00000001) for .ARM.Collect$$rtentry$$00000001
    __rtentry2.o(.ARM.exidx) refers to __rtentry2.o(.ARM.Collect$$rtentry$$00000008) for .ARM.Collect$$rtentry$$00000008
    __rtentry2.o(.ARM.exidx) refers to __rtentry2.o(.ARM.Collect$$rtentry$$0000000A) for .ARM.Collect$$rtentry$$0000000A
    __rtentry2.o(.ARM.exidx) refers to __rtentry2.o(.ARM.Collect$$rtentry$$0000000B) for .ARM.Collect$$rtentry$$0000000B
    __rtentry2.o(.ARM.exidx) refers to __rtentry2.o(.ARM.Collect$$rtentry$$0000000D) for .ARM.Collect$$rtentry$$0000000D
    __rtentry4.o(.ARM.Collect$$rtentry$$00000004) refers to sys_stackheap_outer.o(.text) for __user_setup_stackheap
    __rtentry4.o(.ARM.exidx) refers to __rtentry4.o(.ARM.Collect$$rtentry$$00000004) for .ARM.Collect$$rtentry$$00000004
    sys_stackheap_outer.o(.text) refers to libspace.o(.text) for __user_perproc_libspace
    sys_stackheap_outer.o(.text) refers to startup_stm32f407xx.o(.text) for __user_initial_stackheap
    exit.o(.text) refers to rtexit.o(.ARM.Collect$$rtexit$$00000000) for __rt_exit
    libinit.o(.ARM.Collect$$libinit$$00000000) refers (Special) to libinit2.o(.ARM.Collect$$libinit$$0000002E) for __rt_lib_init_alloca_1
    libinit.o(.ARM.Collect$$libinit$$00000000) refers (Special) to libinit2.o(.ARM.Collect$$libinit$$0000002C) for __rt_lib_init_argv_1
    libinit.o(.ARM.Collect$$libinit$$00000000) refers (Special) to libinit2.o(.ARM.Collect$$libinit$$0000001B) for __rt_lib_init_atexit_1
    libinit.o(.ARM.Collect$$libinit$$00000000) refers (Special) to libinit2.o(.ARM.Collect$$libinit$$00000021) for __rt_lib_init_clock_1
    libinit.o(.ARM.Collect$$libinit$$00000000) refers (Special) to libinit2.o(.ARM.Collect$$libinit$$00000032) for __rt_lib_init_cpp_1
    libinit.o(.ARM.Collect$$libinit$$00000000) refers (Special) to libinit2.o(.ARM.Collect$$libinit$$00000030) for __rt_lib_init_exceptions_1
    libinit.o(.ARM.Collect$$libinit$$00000000) refers (Special) to libinit2.o(.ARM.Collect$$libinit$$00000001) for __rt_lib_init_fp_1
    libinit.o(.ARM.Collect$$libinit$$00000000) refers (Special) to libinit2.o(.ARM.Collect$$libinit$$0000001F) for __rt_lib_init_fp_trap_1
    libinit.o(.ARM.Collect$$libinit$$00000000) refers (Special) to libinit2.o(.ARM.Collect$$libinit$$00000023) for __rt_lib_init_getenv_1
    libinit.o(.ARM.Collect$$libinit$$00000000) refers (Special) to libinit2.o(.ARM.Collect$$libinit$$0000000A) for __rt_lib_init_heap_1
    libinit.o(.ARM.Collect$$libinit$$00000000) refers (Special) to libinit2.o(.ARM.Collect$$libinit$$00000011) for __rt_lib_init_lc_collate_1
    libinit.o(.ARM.Collect$$libinit$$00000000) refers (Special) to libinit2.o(.ARM.Collect$$libinit$$00000013) for __rt_lib_init_lc_ctype_1
    libinit.o(.ARM.Collect$$libinit$$00000000) refers (Special) to libinit2.o(.ARM.Collect$$libinit$$00000015) for __rt_lib_init_lc_monetary_1
    libinit.o(.ARM.Collect$$libinit$$00000000) refers (Special) to libinit2.o(.ARM.Collect$$libinit$$00000017) for __rt_lib_init_lc_numeric_1
    libinit.o(.ARM.Collect$$libinit$$00000000) refers (Special) to libinit2.o(.ARM.Collect$$libinit$$00000019) for __rt_lib_init_lc_time_1
    libinit.o(.ARM.Collect$$libinit$$00000000) refers (Special) to libinit2.o(.ARM.Collect$$libinit$$00000004) for __rt_lib_init_preinit_1
    libinit.o(.ARM.Collect$$libinit$$00000000) refers (Special) to libinit2.o(.ARM.Collect$$libinit$$0000000E) for __rt_lib_init_rand_1
    libinit.o(.ARM.Collect$$libinit$$00000000) refers (Special) to libinit2.o(.ARM.Collect$$libinit$$00000033) for __rt_lib_init_return
    libinit.o(.ARM.Collect$$libinit$$00000000) refers (Special) to libinit2.o(.ARM.Collect$$libinit$$0000001D) for __rt_lib_init_signal_1
    libinit.o(.ARM.Collect$$libinit$$00000000) refers (Special) to libinit2.o(.ARM.Collect$$libinit$$00000025) for __rt_lib_init_stdio_1
    libinit.o(.ARM.Collect$$libinit$$00000000) refers (Special) to libinit2.o(.ARM.Collect$$libinit$$0000000C) for __rt_lib_init_user_alloc_1
    libspace.o(.text) refers to libspace.o(.bss) for __libspace_start
    rtexit.o(.ARM.Collect$$rtexit$$00000000) refers (Special) to rtexit2.o(.ARM.Collect$$rtexit$$00000004) for __rt_exit_exit
    rtexit.o(.ARM.Collect$$rtexit$$00000000) refers (Special) to rtexit2.o(.ARM.Collect$$rtexit$$00000003) for __rt_exit_ls
    rtexit.o(.ARM.Collect$$rtexit$$00000000) refers (Special) to rtexit2.o(.ARM.Collect$$rtexit$$00000002) for __rt_exit_prels_1
    rtexit.o(.ARM.exidx) refers (Special) to rtexit2.o(.ARM.Collect$$rtexit$$00000004) for __rt_exit_exit
    rtexit.o(.ARM.exidx) refers (Special) to rtexit2.o(.ARM.Collect$$rtexit$$00000003) for __rt_exit_ls
    rtexit.o(.ARM.exidx) refers (Special) to rtexit2.o(.ARM.Collect$$rtexit$$00000002) for __rt_exit_prels_1
    rtexit.o(.ARM.exidx) refers to rtexit.o(.ARM.Collect$$rtexit$$00000000) for .ARM.Collect$$rtexit$$00000000
    libinit2.o(.ARM.Collect$$libinit$$00000001) refers to fpinit.o(x$fpl$fpinit) for _fp_init
    libinit2.o(.ARM.Collect$$libinit$$00000010) refers to libinit2.o(.ARM.Collect$$libinit$$0000000F) for .ARM.Collect$$libinit$$0000000F
    libinit2.o(.ARM.Collect$$libinit$$00000012) refers to libinit2.o(.ARM.Collect$$libinit$$0000000F) for .ARM.Collect$$libinit$$0000000F
    libinit2.o(.ARM.Collect$$libinit$$00000014) refers to libinit2.o(.ARM.Collect$$libinit$$0000000F) for .ARM.Collect$$libinit$$0000000F
    libinit2.o(.ARM.Collect$$libinit$$00000016) refers to libinit2.o(.ARM.Collect$$libinit$$0000000F) for .ARM.Collect$$libinit$$0000000F
    libinit2.o(.ARM.Collect$$libinit$$00000018) refers to libinit2.o(.ARM.Collect$$libinit$$0000000F) for .ARM.Collect$$libinit$$0000000F
    libinit2.o(.ARM.Collect$$libinit$$00000026) refers to argv_veneer.o(.emb_text) for __ARM_argv_veneer
    libinit2.o(.ARM.Collect$$libinit$$00000027) refers to argv_veneer.o(.emb_text) for __ARM_argv_veneer
    rtexit2.o(.ARM.Collect$$rtexit$$00000003) refers to libshutdown.o(.ARM.Collect$$libshutdown$$00000000) for __rt_lib_shutdown
    rtexit2.o(.ARM.Collect$$rtexit$$00000004) refers to sys_exit.o(.text) for _sys_exit
    rtexit2.o(.ARM.exidx) refers to rtexit2.o(.ARM.Collect$$rtexit$$00000001) for .ARM.Collect$$rtexit$$00000001
    rtexit2.o(.ARM.exidx) refers to rtexit2.o(.ARM.Collect$$rtexit$$00000003) for .ARM.Collect$$rtexit$$00000003
    rtexit2.o(.ARM.exidx) refers to rtexit2.o(.ARM.Collect$$rtexit$$00000004) for .ARM.Collect$$rtexit$$00000004
    argv_veneer.o(.emb_text) refers to no_argv.o(.text) for __ARM_get_argv
    sys_exit.o(.text) refers (Special) to use_no_semi.o(.text) for __I$use$semihosting
    sys_exit.o(.text) refers (Special) to indicate_semi.o(.text) for __semihosting_library_function
    _get_argv_nomalloc.o(.text) refers (Special) to hrguard.o(.text) for __heap_region$guard
    _get_argv_nomalloc.o(.text) refers to defsig_rtmem_outer.o(.text) for __rt_SIGRTMEM
    _get_argv_nomalloc.o(.text) refers to sys_command.o(.text) for _sys_command_string
    libshutdown.o(.ARM.Collect$$libshutdown$$00000000) refers (Special) to libshutdown2.o(.ARM.Collect$$libshutdown$$00000004) for __rt_lib_shutdown_cpp_1
    libshutdown.o(.ARM.Collect$$libshutdown$$00000000) refers (Special) to libshutdown2.o(.ARM.Collect$$libshutdown$$00000002) for __rt_lib_shutdown_fini_1
    libshutdown.o(.ARM.Collect$$libshutdown$$00000000) refers (Special) to libshutdown2.o(.ARM.Collect$$libshutdown$$00000009) for __rt_lib_shutdown_fp_trap_1
    libshutdown.o(.ARM.Collect$$libshutdown$$00000000) refers (Special) to libshutdown2.o(.ARM.Collect$$libshutdown$$00000011) for __rt_lib_shutdown_heap_1
    libshutdown.o(.ARM.Collect$$libshutdown$$00000000) refers (Special) to libshutdown2.o(.ARM.Collect$$libshutdown$$00000012) for __rt_lib_shutdown_return
    libshutdown.o(.ARM.Collect$$libshutdown$$00000000) refers (Special) to libshutdown2.o(.ARM.Collect$$libshutdown$$0000000C) for __rt_lib_shutdown_signal_1
    libshutdown.o(.ARM.Collect$$libshutdown$$00000000) refers (Special) to libshutdown2.o(.ARM.Collect$$libshutdown$$00000006) for __rt_lib_shutdown_stdio_1
    libshutdown.o(.ARM.Collect$$libshutdown$$00000000) refers (Special) to libshutdown2.o(.ARM.Collect$$libshutdown$$0000000E) for __rt_lib_shutdown_user_alloc_1
    sys_command.o(.text) refers (Special) to use_no_semi.o(.text) for __I$use$semihosting
    sys_command.o(.text) refers (Special) to indicate_semi.o(.text) for __semihosting_library_function
    defsig_rtmem_outer.o(.text) refers to defsig_rtmem_inner.o(.text) for __rt_SIGRTMEM_inner
    defsig_rtmem_outer.o(.text) refers to defsig_exit.o(.text) for __sig_exit
    defsig_rtmem_formal.o(.text) refers to rt_raise.o(.text) for __rt_raise
    rt_raise.o(.text) refers to __raise.o(.text) for __raise
    rt_raise.o(.text) refers to sys_exit.o(.text) for _sys_exit
    defsig_exit.o(.text) refers to sys_exit.o(.text) for _sys_exit
    defsig_rtmem_inner.o(.text) refers to defsig_general.o(.text) for __default_signal_display
    __raise.o(.text) refers to defsig.o(CL$$defsig) for __default_signal_handler
    defsig_general.o(.text) refers to sys_wrch.o(.text) for _ttywrch
    sys_wrch.o(.text) refers (Special) to use_no_semi.o(.text) for __I$use$semihosting
    sys_wrch.o(.text) refers (Special) to indicate_semi.o(.text) for __semihosting_library_function
    defsig.o(CL$$defsig) refers to defsig_rtmem_inner.o(.text) for __rt_SIGRTMEM_inner
    defsig_abrt_inner.o(.text) refers to defsig_general.o(.text) for __default_signal_display
    defsig_fpe_inner.o(.text) refers to defsig_general.o(.text) for __default_signal_display
    defsig_rtred_inner.o(.text) refers to defsig_general.o(.text) for __default_signal_display
    defsig_stak_inner.o(.text) refers to defsig_general.o(.text) for __default_signal_display
    defsig_pvfn_inner.o(.text) refers to defsig_general.o(.text) for __default_signal_display
    defsig_cppl_inner.o(.text) refers to defsig_general.o(.text) for __default_signal_display
    defsig_segv_inner.o(.text) refers to defsig_general.o(.text) for __default_signal_display
    defsig_other.o(.text) refers to defsig_general.o(.text) for __default_signal_display


==============================================================================

Removing Unused input sections from the image.

    Removing main.o(.rev16_text), (4 bytes).
    Removing main.o(.revsh_text), (4 bytes).
    Removing main.o(.rrx_text), (6 bytes).
    Removing main.o(i.greenLEDFlash), (52 bytes).
    Removing _mcpr_stm32f407_all.o(.rev16_text), (4 bytes).
    Removing _mcpr_stm32f407_all.o(.revsh_text), (4 bytes).
    Removing _mcpr_stm32f407_all.o(.rrx_text), (6 bytes).
    Removing _mcpr_stm32f407_all.o(i.Emulate_LEDsLCD), (2 bytes).
    Removing _mcpr_stm32f407_all.o(i.Emulate_RKTYC), (2 bytes).
    Removing _mcpr_stm32f407_all.o(i.mcpr_ConfigSystemTick), (104 bytes).
    Removing _mcpr_stm32f407_all.o(i.mcpr_SetSysClockTick), (12 bytes).
    Removing system_stm32f4xx.o(.rev16_text), (4 bytes).
    Removing system_stm32f4xx.o(.revsh_text), (4 bytes).
    Removing system_stm32f4xx.o(.rrx_text), (6 bytes).

14 unused section(s) (total 214 bytes) removed from the image.

==============================================================================

Image Symbol Table

    Local Symbols

    Symbol Name                              Value     Ov Type        Size  Object(Section)

    ../clib/angel/boardlib.s                 0x00000000   Number         0  boardshut.o ABSOLUTE
    ../clib/angel/boardlib.s                 0x00000000   Number         0  boardinit3.o ABSOLUTE
    ../clib/angel/boardlib.s                 0x00000000   Number         0  boardinit2.o ABSOLUTE
    ../clib/angel/boardlib.s                 0x00000000   Number         0  boardinit1.o ABSOLUTE
    ../clib/angel/handlers.s                 0x00000000   Number         0  __scatter_zi.o ABSOLUTE
    ../clib/angel/handlers.s                 0x00000000   Number         0  __scatter_copy.o ABSOLUTE
    ../clib/angel/kernel.s                   0x00000000   Number         0  rtexit.o ABSOLUTE
    ../clib/angel/kernel.s                   0x00000000   Number         0  __rtentry.o ABSOLUTE
    ../clib/angel/kernel.s                   0x00000000   Number         0  __rtentry2.o ABSOLUTE
    ../clib/angel/kernel.s                   0x00000000   Number         0  __rtentry4.o ABSOLUTE
    ../clib/angel/kernel.s                   0x00000000   Number         0  rtexit2.o ABSOLUTE
    ../clib/angel/rt.s                       0x00000000   Number         0  rt_raise.o ABSOLUTE
    ../clib/angel/scatter.s                  0x00000000   Number         0  __scatter.o ABSOLUTE
    ../clib/angel/startup.s                  0x00000000   Number         0  __main.o ABSOLUTE
    ../clib/angel/sys.s                      0x00000000   Number         0  sys_stackheap_outer.o ABSOLUTE
    ../clib/angel/sys.s                      0x00000000   Number         0  use_no_semi.o ABSOLUTE
    ../clib/angel/sys.s                      0x00000000   Number         0  libspace.o ABSOLUTE
    ../clib/angel/sys.s                      0x00000000   Number         0  indicate_semi.o ABSOLUTE
    ../clib/angel/sysapp.c                   0x00000000   Number         0  sys_exit.o ABSOLUTE
    ../clib/angel/sysapp.c                   0x00000000   Number         0  sys_command.o ABSOLUTE
    ../clib/angel/sysapp.c                   0x00000000   Number         0  sys_wrch.o ABSOLUTE
    ../clib/armsys.c                         0x00000000   Number         0  argv_veneer.o ABSOLUTE
    ../clib/armsys.c                         0x00000000   Number         0  _get_argv_nomalloc.o ABSOLUTE
    ../clib/armsys.c                         0x00000000   Number         0  no_argv.o ABSOLUTE
    ../clib/armsys.c                         0x00000000   Number         0  argv_veneer.o ABSOLUTE
    ../clib/heapalloc.c                      0x00000000   Number         0  hrguard.o ABSOLUTE
    ../clib/heapaux.c                        0x00000000   Number         0  heapauxi.o ABSOLUTE
    ../clib/libinit.s                        0x00000000   Number         0  libshutdown.o ABSOLUTE
    ../clib/libinit.s                        0x00000000   Number         0  libinit2.o ABSOLUTE
    ../clib/libinit.s                        0x00000000   Number         0  libinit.o ABSOLUTE
    ../clib/libinit.s                        0x00000000   Number         0  libshutdown2.o ABSOLUTE
    ../clib/signal.c                         0x00000000   Number         0  defsig_cppl_inner.o ABSOLUTE
    ../clib/signal.c                         0x00000000   Number         0  defsig_pvfn_inner.o ABSOLUTE
    ../clib/signal.c                         0x00000000   Number         0  defsig_stak_inner.o ABSOLUTE
    ../clib/signal.c                         0x00000000   Number         0  defsig_rtred_inner.o ABSOLUTE
    ../clib/signal.c                         0x00000000   Number         0  defsig_fpe_inner.o ABSOLUTE
    ../clib/signal.c                         0x00000000   Number         0  defsig_abrt_inner.o ABSOLUTE
    ../clib/signal.c                         0x00000000   Number         0  defsig_general.o ABSOLUTE
    ../clib/signal.c                         0x00000000   Number         0  __raise.o ABSOLUTE
    ../clib/signal.c                         0x00000000   Number         0  defsig_rtmem_inner.o ABSOLUTE
    ../clib/signal.c                         0x00000000   Number         0  defsig_exit.o ABSOLUTE
    ../clib/signal.c                         0x00000000   Number         0  defsig_rtmem_formal.o ABSOLUTE
    ../clib/signal.c                         0x00000000   Number         0  defsig_rtmem_outer.o ABSOLUTE
    ../clib/signal.c                         0x00000000   Number         0  defsig_other.o ABSOLUTE
    ../clib/signal.c                         0x00000000   Number         0  defsig_segv_inner.o ABSOLUTE
    ../clib/signal.s                         0x00000000   Number         0  defsig.o ABSOLUTE
    ../clib/stdlib.c                         0x00000000   Number         0  exit.o ABSOLUTE
    ../fplib/fpinit.s                        0x00000000   Number         0  fpinit.o ABSOLUTE
    RTE\Device\STM32F407VGTx\startup_stm32f407xx.s 0x00000000   Number         0  startup_stm32f407xx.o ABSOLUTE
    RTE\Device\STM32F407VGTx\system_stm32f4xx.c 0x00000000   Number         0  system_stm32f4xx.o ABSOLUTE
    RTE\\Device\\STM32F407VGTx\\system_stm32f4xx.c 0x00000000   Number         0  system_stm32f4xx.o ABSOLUTE
    _mcpr_stm32f407_all.c                    0x00000000   Number         0  _mcpr_stm32f407_all.o ABSOLUTE
    _mcpr_stm32f407_all.c                    0x00000000   Number         0  _mcpr_stm32f407_all.o ABSOLUTE
    dc.s                                     0x00000000   Number         0  dc.o ABSOLUTE
    main.c                                   0x00000000   Number         0  main.o ABSOLUTE
    main.c                                   0x00000000   Number         0  main.o ABSOLUTE
    RESET                                    0x20000000   Section      392  startup_stm32f407xx.o(RESET)
    !!!main                                  0x20000188   Section        8  __main.o(!!!main)
    !!!scatter                               0x20000190   Section       52  __scatter.o(!!!scatter)
    !!handler_copy                           0x200001c4   Section       26  __scatter_copy.o(!!handler_copy)
    !!handler_zi                             0x200001e0   Section       28  __scatter_zi.o(!!handler_zi)
    .ARM.Collect$$libinit$$00000000          0x200001fc   Section        2  libinit.o(.ARM.Collect$$libinit$$00000000)
    .ARM.Collect$$libinit$$00000001          0x200001fe   Section        4  libinit2.o(.ARM.Collect$$libinit$$00000001)
    .ARM.Collect$$libinit$$00000004          0x20000202   Section        0  libinit2.o(.ARM.Collect$$libinit$$00000004)
    .ARM.Collect$$libinit$$0000000A          0x20000202   Section        0  libinit2.o(.ARM.Collect$$libinit$$0000000A)
    .ARM.Collect$$libinit$$0000000C          0x20000202   Section        0  libinit2.o(.ARM.Collect$$libinit$$0000000C)
    .ARM.Collect$$libinit$$0000000E          0x20000202   Section        0  libinit2.o(.ARM.Collect$$libinit$$0000000E)
    .ARM.Collect$$libinit$$00000011          0x20000202   Section        0  libinit2.o(.ARM.Collect$$libinit$$00000011)
    .ARM.Collect$$libinit$$00000013          0x20000202   Section        0  libinit2.o(.ARM.Collect$$libinit$$00000013)
    .ARM.Collect$$libinit$$00000015          0x20000202   Section        0  libinit2.o(.ARM.Collect$$libinit$$00000015)
    .ARM.Collect$$libinit$$00000017          0x20000202   Section        0  libinit2.o(.ARM.Collect$$libinit$$00000017)
    .ARM.Collect$$libinit$$00000019          0x20000202   Section        0  libinit2.o(.ARM.Collect$$libinit$$00000019)
    .ARM.Collect$$libinit$$0000001B          0x20000202   Section        0  libinit2.o(.ARM.Collect$$libinit$$0000001B)
    .ARM.Collect$$libinit$$0000001D          0x20000202   Section        0  libinit2.o(.ARM.Collect$$libinit$$0000001D)
    .ARM.Collect$$libinit$$0000001F          0x20000202   Section        0  libinit2.o(.ARM.Collect$$libinit$$0000001F)
    .ARM.Collect$$libinit$$00000021          0x20000202   Section        0  libinit2.o(.ARM.Collect$$libinit$$00000021)
    .ARM.Collect$$libinit$$00000023          0x20000202   Section        0  libinit2.o(.ARM.Collect$$libinit$$00000023)
    .ARM.Collect$$libinit$$00000025          0x20000202   Section        0  libinit2.o(.ARM.Collect$$libinit$$00000025)
    .ARM.Collect$$libinit$$0000002C          0x20000202   Section        0  libinit2.o(.ARM.Collect$$libinit$$0000002C)
    .ARM.Collect$$libinit$$0000002E          0x20000202   Section        0  libinit2.o(.ARM.Collect$$libinit$$0000002E)
    .ARM.Collect$$libinit$$00000030          0x20000202   Section        0  libinit2.o(.ARM.Collect$$libinit$$00000030)
    .ARM.Collect$$libinit$$00000032          0x20000202   Section        0  libinit2.o(.ARM.Collect$$libinit$$00000032)
    .ARM.Collect$$libinit$$00000033          0x20000202   Section        2  libinit2.o(.ARM.Collect$$libinit$$00000033)
    .ARM.Collect$$libshutdown$$00000000      0x20000204   Section        2  libshutdown.o(.ARM.Collect$$libshutdown$$00000000)
    .ARM.Collect$$libshutdown$$00000002      0x20000206   Section        0  libshutdown2.o(.ARM.Collect$$libshutdown$$00000002)
    .ARM.Collect$$libshutdown$$00000004      0x20000206   Section        0  libshutdown2.o(.ARM.Collect$$libshutdown$$00000004)
    .ARM.Collect$$libshutdown$$00000006      0x20000206   Section        0  libshutdown2.o(.ARM.Collect$$libshutdown$$00000006)
    .ARM.Collect$$libshutdown$$00000009      0x20000206   Section        0  libshutdown2.o(.ARM.Collect$$libshutdown$$00000009)
    .ARM.Collect$$libshutdown$$0000000C      0x20000206   Section        0  libshutdown2.o(.ARM.Collect$$libshutdown$$0000000C)
    .ARM.Collect$$libshutdown$$0000000E      0x20000206   Section        0  libshutdown2.o(.ARM.Collect$$libshutdown$$0000000E)
    .ARM.Collect$$libshutdown$$00000011      0x20000206   Section        0  libshutdown2.o(.ARM.Collect$$libshutdown$$00000011)
    .ARM.Collect$$libshutdown$$00000012      0x20000206   Section        2  libshutdown2.o(.ARM.Collect$$libshutdown$$00000012)
    .ARM.Collect$$rtentry$$00000000          0x20000208   Section        0  __rtentry.o(.ARM.Collect$$rtentry$$00000000)
    .ARM.Collect$$rtentry$$00000002          0x20000208   Section        0  __rtentry2.o(.ARM.Collect$$rtentry$$00000002)
    .ARM.Collect$$rtentry$$00000004          0x20000208   Section        6  __rtentry4.o(.ARM.Collect$$rtentry$$00000004)
    .ARM.Collect$$rtentry$$00000009          0x2000020e   Section        0  __rtentry2.o(.ARM.Collect$$rtentry$$00000009)
    .ARM.Collect$$rtentry$$0000000A          0x2000020e   Section        4  __rtentry2.o(.ARM.Collect$$rtentry$$0000000A)
    .ARM.Collect$$rtentry$$0000000C          0x20000212   Section        0  __rtentry2.o(.ARM.Collect$$rtentry$$0000000C)
    .ARM.Collect$$rtentry$$0000000D          0x20000212   Section        8  __rtentry2.o(.ARM.Collect$$rtentry$$0000000D)
    .ARM.Collect$$rtexit$$00000000           0x2000021a   Section        2  rtexit.o(.ARM.Collect$$rtexit$$00000000)
    .ARM.Collect$$rtexit$$00000002           0x2000021c   Section        0  rtexit2.o(.ARM.Collect$$rtexit$$00000002)
    .ARM.Collect$$rtexit$$00000003           0x2000021c   Section        4  rtexit2.o(.ARM.Collect$$rtexit$$00000003)
    .ARM.Collect$$rtexit$$00000004           0x20000220   Section        6  rtexit2.o(.ARM.Collect$$rtexit$$00000004)
    .text                                    0x20000228   Section       64  startup_stm32f407xx.o(.text)
    $v0                                      0x20000228   Number         0  startup_stm32f407xx.o(.text)
    .text                                    0x20000268   Section        0  heapauxi.o(.text)
    .text                                    0x2000026e   Section       74  sys_stackheap_outer.o(.text)
    .text                                    0x200002b8   Section        0  exit.o(.text)
    .text                                    0x200002cc   Section        8  libspace.o(.text)
    .text                                    0x200002d4   Section        0  sys_exit.o(.text)
    .text                                    0x200002e0   Section        2  use_no_semi.o(.text)
    .text                                    0x200002e2   Section        0  indicate_semi.o(.text)
    i.ADC_IRQHandler                         0x200002e4   Section        0  main.o(i.ADC_IRQHandler)
    i.LCD_ClearDisplay                       0x20000368   Section        0  main.o(i.LCD_ClearDisplay)
    i.LCD_DrawPixel                          0x20000388   Section        0  main.o(i.LCD_DrawPixel)
    i.LCD_Init                               0x20000398   Section        0  main.o(i.LCD_Init)
    i.LCD_Output16BitWord                    0x20000498   Section        0  main.o(i.LCD_Output16BitWord)
    i.LCD_SetCursor                          0x200004f8   Section        0  main.o(i.LCD_SetCursor)
    i.LCD_WriteCommand                       0x20000510   Section        0  main.o(i.LCD_WriteCommand)
    i.LCD_WriteData                          0x2000055c   Section        0  main.o(i.LCD_WriteData)
    i.LCD_WriteLetter                        0x200005a8   Section        0  main.o(i.LCD_WriteLetter)
    i.LCD_WriteReg                           0x20000640   Section        0  main.o(i.LCD_WriteReg)
    i.LCD_WriteString                        0x20000654   Section        0  main.o(i.LCD_WriteString)
    i.LCD_toggle_backlight                   0x2000068c   Section        0  main.o(i.LCD_toggle_backlight)
    i.LEDs_InitPorts                         0x200006a0   Section        0  main.o(i.LEDs_InitPorts)
    i.SysTick_Handler                        0x20000704   Section        0  _mcpr_stm32f407_all.o(i.SysTick_Handler)
    i.SystemCoreClockUpdate                  0x2000071c   Section        0  system_stm32f4xx.o(i.SystemCoreClockUpdate)
    i.SystemInit                             0x200007dc   Section        0  system_stm32f4xx.o(i.SystemInit)
    i.SystemInit_ExtMemCtl                   0x200007f8   Section        0  _mcpr_stm32f407_all.o(i.SystemInit_ExtMemCtl)
    SystemInit_ExtMemCtl                     0x200007f9   Thumb Code     2  _mcpr_stm32f407_all.o(i.SystemInit_ExtMemCtl)
    i.TIM7_IRQHandler                        0x200007fc   Section        0  main.o(i.TIM7_IRQHandler)
    i.TIM8_BRK_TIM12_IRQHandler              0x20000820   Section        0  main.o(i.TIM8_BRK_TIM12_IRQHandler)
    i.USART6_IRQHandler                      0x20000874   Section        0  main.o(i.USART6_IRQHandler)
    i.__NVIC_EnableIRQ                       0x200009cc   Section        0  main.o(i.__NVIC_EnableIRQ)
    __NVIC_EnableIRQ                         0x200009cd   Thumb Code    34  main.o(i.__NVIC_EnableIRQ)
    i.__NVIC_SetPriority                     0x200009f0   Section        0  main.o(i.__NVIC_SetPriority)
    __NVIC_SetPriority                       0x200009f1   Thumb Code    32  main.o(i.__NVIC_SetPriority)
    i.activate_row                           0x20000a18   Section        0  main.o(i.activate_row)
    i.adc_start                              0x20000a30   Section        0  main.o(i.adc_start)
    i.adc_write_data                         0x20000a5c   Section        0  main.o(i.adc_write_data)
    i.calcFrequency                          0x20000a9c   Section        0  main.o(i.calcFrequency)
    i.check_input_changes                    0x20000b48   Section        0  main.o(i.check_input_changes)
    i.check_keys_in_row                      0x20000b68   Section        0  main.o(i.check_keys_in_row)
    i.deactivate_row                         0x20000b94   Section        0  main.o(i.deactivate_row)
    i.indicate_keyboard_actions              0x20000ba8   Section        0  main.o(i.indicate_keyboard_actions)
    i.intToString                            0x20000bc0   Section        0  main.o(i.intToString)
    i.keyboard_port_init                     0x20000be8   Section        0  main.o(i.keyboard_port_init)
    i.lin_init                               0x20000c44   Section        0  main.o(i.lin_init)
    i.main                                   0x20000cf8   Section        0  main.o(i.main)
    i.mcpr_SetSysClock                       0x20000ec0   Section        0  _mcpr_stm32f407_all.o(i.mcpr_SetSysClock)
    mcpr_SetSysClock                         0x20000ec1   Thumb Code   226  _mcpr_stm32f407_all.o(i.mcpr_SetSysClock)
    i.mcpr_SetSystemCoreClock                0x20000fbc   Section        0  _mcpr_stm32f407_all.o(i.mcpr_SetSystemCoreClock)
    i.portInitGreenLed                       0x20000fcc   Section        0  main.o(i.portInitGreenLed)
    i.pot_init                               0x20001014   Section        0  main.o(i.pot_init)
    i.read_input                             0x2000106c   Section        0  main.o(i.read_input)
    i.setPWM                                 0x200010a8   Section        0  main.o(i.setPWM)
    i.short2bitstring                        0x200010dc   Section        0  main.o(i.short2bitstring)
    i.throttle_init                          0x20001104   Section        0  main.o(i.throttle_init)
    i.tim12_config                           0x200011ac   Section        0  main.o(i.tim12_config)
    i.tim12_init                             0x20001280   Section        0  main.o(i.tim12_init)
    i.tim7_init                              0x200012f4   Section        0  main.o(i.tim7_init)
    i.toggleGreenLed                         0x20001348   Section        0  main.o(i.toggleGreenLed)
    i.u_delay                                0x2000139c   Section        0  main.o(i.u_delay)
    i.usartResponseInit                      0x200013bc   Section        0  main.o(i.usartResponseInit)
    i.user_btn_LCD_action                    0x20001488   Section        0  main.o(i.user_btn_LCD_action)
    i.user_btn_LED_action                    0x200014e8   Section        0  main.o(i.user_btn_LED_action)
    x$fpl$fpinit                             0x20001530   Section       10  fpinit.o(x$fpl$fpinit)
    $v0                                      0x20001530   Number         0  fpinit.o(x$fpl$fpinit)
    .constdata                               0x2000153a   Section     8192  main.o(.constdata)
    .constdata                               0x2000353a   Section       24  system_stm32f4xx.o(.constdata)
    .data                                    0x20008000   Section       64  main.o(.data)
    .data                                    0x20008040   Section        4  _mcpr_stm32f407_all.o(.data)
    is                                       0x20008040   Data           4  _mcpr_stm32f407_all.o(.data)
    .data                                    0x20008044   Section        4  system_stm32f4xx.o(.data)
    .bss                                     0x20008048   Section       96  libspace.o(.bss)
    HEAP                                     0x200080a8   Section      512  startup_stm32f407xx.o(HEAP)
    Heap_Mem                                 0x200080a8   Data         512  startup_stm32f407xx.o(HEAP)
    STACK                                    0x200082a8   Section     1024  startup_stm32f407xx.o(STACK)
    Stack_Mem                                0x200082a8   Data        1024  startup_stm32f407xx.o(STACK)
    __initial_sp                             0x200086a8   Data           0  startup_stm32f407xx.o(STACK)

    Global Symbols

    Symbol Name                              Value     Ov Type        Size  Object(Section)

    BuildAttributes$$THM_ISAv4$E$P$D$K$B$S$7EM$VFPi3$EXTD16$VFPS$VFMA$PE$A:L22UL41UL21$X:L11$S22US41US21$IEEE1$IW$USESV6$~STKCKD$USESV7$~SHL$OSPACE$ROPI$EBA8$UX$STANDARDLIB$REQ8$PRES8$EABIv2 0x00000000   Number         0  anon$$obj.o ABSOLUTE
    __ARM_use_no_argv                        0x00000000   Number         0  main.o ABSOLUTE
    __ARM_exceptions_init                     - Undefined Weak Reference
    __alloca_initialize                       - Undefined Weak Reference
    __arm_fini_                               - Undefined Weak Reference
    __arm_preinit_                            - Undefined Weak Reference
    __cpp_initialize__aeabi_                  - Undefined Weak Reference
    __cxa_finalize                            - Undefined Weak Reference
    __rt_locale                               - Undefined Weak Reference
    __sigvec_lookup                           - Undefined Weak Reference
    _atexit_init                              - Undefined Weak Reference
    _call_atexit_fns                          - Undefined Weak Reference
    _clock_init                               - Undefined Weak Reference
    _fp_trap_init                             - Undefined Weak Reference
    _fp_trap_shutdown                         - Undefined Weak Reference
    _get_lc_collate                           - Undefined Weak Reference
    _get_lc_ctype                             - Undefined Weak Reference
    _get_lc_monetary                          - Undefined Weak Reference
    _get_lc_numeric                           - Undefined Weak Reference
    _get_lc_time                              - Undefined Weak Reference
    _getenv_init                              - Undefined Weak Reference
    _handle_redirection                       - Undefined Weak Reference
    _init_alloc                               - Undefined Weak Reference
    _init_user_alloc                          - Undefined Weak Reference
    _initio                                   - Undefined Weak Reference
    _rand_init                                - Undefined Weak Reference
    _signal_finish                            - Undefined Weak Reference
    _signal_init                              - Undefined Weak Reference
    _terminate_alloc                          - Undefined Weak Reference
    _terminate_user_alloc                     - Undefined Weak Reference
    _terminateio                              - Undefined Weak Reference
    __Vectors_Size                           0x00000188   Number         0  startup_stm32f407xx.o ABSOLUTE
    __Vectors                                0x20000000   Data           4  startup_stm32f407xx.o(RESET)
    __Vectors_End                            0x20000188   Data           0  startup_stm32f407xx.o(RESET)
    __main                                   0x20000189   Thumb Code     8  __main.o(!!!main)
    __scatterload                            0x20000191   Thumb Code     0  __scatter.o(!!!scatter)
    __scatterload_rt2                        0x20000191   Thumb Code    44  __scatter.o(!!!scatter)
    __scatterload_rt2_thumb_only             0x20000191   Thumb Code     0  __scatter.o(!!!scatter)
    __scatterload_null                       0x2000019f   Thumb Code     0  __scatter.o(!!!scatter)
    __scatterload_copy                       0x200001c5   Thumb Code    26  __scatter_copy.o(!!handler_copy)
    __scatterload_zeroinit                   0x200001e1   Thumb Code    28  __scatter_zi.o(!!handler_zi)
    __rt_lib_init                            0x200001fd   Thumb Code     0  libinit.o(.ARM.Collect$$libinit$$00000000)
    __rt_lib_init_fp_1                       0x200001ff   Thumb Code     0  libinit2.o(.ARM.Collect$$libinit$$00000001)
    __rt_lib_init_alloca_1                   0x20000203   Thumb Code     0  libinit2.o(.ARM.Collect$$libinit$$0000002E)
    __rt_lib_init_argv_1                     0x20000203   Thumb Code     0  libinit2.o(.ARM.Collect$$libinit$$0000002C)
    __rt_lib_init_atexit_1                   0x20000203   Thumb Code     0  libinit2.o(.ARM.Collect$$libinit$$0000001B)
    __rt_lib_init_clock_1                    0x20000203   Thumb Code     0  libinit2.o(.ARM.Collect$$libinit$$00000021)
    __rt_lib_init_cpp_1                      0x20000203   Thumb Code     0  libinit2.o(.ARM.Collect$$libinit$$00000032)
    __rt_lib_init_exceptions_1               0x20000203   Thumb Code     0  libinit2.o(.ARM.Collect$$libinit$$00000030)
    __rt_lib_init_fp_trap_1                  0x20000203   Thumb Code     0  libinit2.o(.ARM.Collect$$libinit$$0000001F)
    __rt_lib_init_getenv_1                   0x20000203   Thumb Code     0  libinit2.o(.ARM.Collect$$libinit$$00000023)
    __rt_lib_init_heap_1                     0x20000203   Thumb Code     0  libinit2.o(.ARM.Collect$$libinit$$0000000A)
    __rt_lib_init_lc_collate_1               0x20000203   Thumb Code     0  libinit2.o(.ARM.Collect$$libinit$$00000011)
    __rt_lib_init_lc_ctype_1                 0x20000203   Thumb Code     0  libinit2.o(.ARM.Collect$$libinit$$00000013)
    __rt_lib_init_lc_monetary_1              0x20000203   Thumb Code     0  libinit2.o(.ARM.Collect$$libinit$$00000015)
    __rt_lib_init_lc_numeric_1               0x20000203   Thumb Code     0  libinit2.o(.ARM.Collect$$libinit$$00000017)
    __rt_lib_init_lc_time_1                  0x20000203   Thumb Code     0  libinit2.o(.ARM.Collect$$libinit$$00000019)
    __rt_lib_init_preinit_1                  0x20000203   Thumb Code     0  libinit2.o(.ARM.Collect$$libinit$$00000004)
    __rt_lib_init_rand_1                     0x20000203   Thumb Code     0  libinit2.o(.ARM.Collect$$libinit$$0000000E)
    __rt_lib_init_return                     0x20000203   Thumb Code     0  libinit2.o(.ARM.Collect$$libinit$$00000033)
    __rt_lib_init_signal_1                   0x20000203   Thumb Code     0  libinit2.o(.ARM.Collect$$libinit$$0000001D)
    __rt_lib_init_stdio_1                    0x20000203   Thumb Code     0  libinit2.o(.ARM.Collect$$libinit$$00000025)
    __rt_lib_init_user_alloc_1               0x20000203   Thumb Code     0  libinit2.o(.ARM.Collect$$libinit$$0000000C)
    __rt_lib_shutdown                        0x20000205   Thumb Code     0  libshutdown.o(.ARM.Collect$$libshutdown$$00000000)
    __rt_lib_shutdown_cpp_1                  0x20000207   Thumb Code     0  libshutdown2.o(.ARM.Collect$$libshutdown$$00000004)
    __rt_lib_shutdown_fini_1                 0x20000207   Thumb Code     0  libshutdown2.o(.ARM.Collect$$libshutdown$$00000002)
    __rt_lib_shutdown_fp_trap_1              0x20000207   Thumb Code     0  libshutdown2.o(.ARM.Collect$$libshutdown$$00000009)
    __rt_lib_shutdown_heap_1                 0x20000207   Thumb Code     0  libshutdown2.o(.ARM.Collect$$libshutdown$$00000011)
    __rt_lib_shutdown_return                 0x20000207   Thumb Code     0  libshutdown2.o(.ARM.Collect$$libshutdown$$00000012)
    __rt_lib_shutdown_signal_1               0x20000207   Thumb Code     0  libshutdown2.o(.ARM.Collect$$libshutdown$$0000000C)
    __rt_lib_shutdown_stdio_1                0x20000207   Thumb Code     0  libshutdown2.o(.ARM.Collect$$libshutdown$$00000006)
    __rt_lib_shutdown_user_alloc_1           0x20000207   Thumb Code     0  libshutdown2.o(.ARM.Collect$$libshutdown$$0000000E)
    __rt_entry                               0x20000209   Thumb Code     0  __rtentry.o(.ARM.Collect$$rtentry$$00000000)
    __rt_entry_presh_1                       0x20000209   Thumb Code     0  __rtentry2.o(.ARM.Collect$$rtentry$$00000002)
    __rt_entry_sh                            0x20000209   Thumb Code     0  __rtentry4.o(.ARM.Collect$$rtentry$$00000004)
    __rt_entry_li                            0x2000020f   Thumb Code     0  __rtentry2.o(.ARM.Collect$$rtentry$$0000000A)
    __rt_entry_postsh_1                      0x2000020f   Thumb Code     0  __rtentry2.o(.ARM.Collect$$rtentry$$00000009)
    __rt_entry_main                          0x20000213   Thumb Code     0  __rtentry2.o(.ARM.Collect$$rtentry$$0000000D)
    __rt_entry_postli_1                      0x20000213   Thumb Code     0  __rtentry2.o(.ARM.Collect$$rtentry$$0000000C)
    __rt_exit                                0x2000021b   Thumb Code     0  rtexit.o(.ARM.Collect$$rtexit$$00000000)
    __rt_exit_ls                             0x2000021d   Thumb Code     0  rtexit2.o(.ARM.Collect$$rtexit$$00000003)
    __rt_exit_prels_1                        0x2000021d   Thumb Code     0  rtexit2.o(.ARM.Collect$$rtexit$$00000002)
    __rt_exit_exit                           0x20000221   Thumb Code     0  rtexit2.o(.ARM.Collect$$rtexit$$00000004)
    Reset_Handler                            0x20000229   Thumb Code     8  startup_stm32f407xx.o(.text)
    NMI_Handler                              0x20000231   Thumb Code     2  startup_stm32f407xx.o(.text)
    HardFault_Handler                        0x20000233   Thumb Code     2  startup_stm32f407xx.o(.text)
    MemManage_Handler                        0x20000235   Thumb Code     2  startup_stm32f407xx.o(.text)
    BusFault_Handler                         0x20000237   Thumb Code     2  startup_stm32f407xx.o(.text)
    UsageFault_Handler                       0x20000239   Thumb Code     2  startup_stm32f407xx.o(.text)
    SVC_Handler                              0x2000023b   Thumb Code     2  startup_stm32f407xx.o(.text)
    DebugMon_Handler                         0x2000023d   Thumb Code     2  startup_stm32f407xx.o(.text)
    PendSV_Handler                           0x2000023f   Thumb Code     2  startup_stm32f407xx.o(.text)
    CAN1_RX0_IRQHandler                      0x20000243   Thumb Code     0  startup_stm32f407xx.o(.text)
    CAN1_RX1_IRQHandler                      0x20000243   Thumb Code     0  startup_stm32f407xx.o(.text)
    CAN1_SCE_IRQHandler                      0x20000243   Thumb Code     0  startup_stm32f407xx.o(.text)
    CAN1_TX_IRQHandler                       0x20000243   Thumb Code     0  startup_stm32f407xx.o(.text)
    CAN2_RX0_IRQHandler                      0x20000243   Thumb Code     0  startup_stm32f407xx.o(.text)
    CAN2_RX1_IRQHandler                      0x20000243   Thumb Code     0  startup_stm32f407xx.o(.text)
    CAN2_SCE_IRQHandler                      0x20000243   Thumb Code     0  startup_stm32f407xx.o(.text)
    CAN2_TX_IRQHandler                       0x20000243   Thumb Code     0  startup_stm32f407xx.o(.text)
    DCMI_IRQHandler                          0x20000243   Thumb Code     0  startup_stm32f407xx.o(.text)
    DMA1_Stream0_IRQHandler                  0x20000243   Thumb Code     0  startup_stm32f407xx.o(.text)
    DMA1_Stream1_IRQHandler                  0x20000243   Thumb Code     0  startup_stm32f407xx.o(.text)
    DMA1_Stream2_IRQHandler                  0x20000243   Thumb Code     0  startup_stm32f407xx.o(.text)
    DMA1_Stream3_IRQHandler                  0x20000243   Thumb Code     0  startup_stm32f407xx.o(.text)
    DMA1_Stream4_IRQHandler                  0x20000243   Thumb Code     0  startup_stm32f407xx.o(.text)
    DMA1_Stream5_IRQHandler                  0x20000243   Thumb Code     0  startup_stm32f407xx.o(.text)
    DMA1_Stream6_IRQHandler                  0x20000243   Thumb Code     0  startup_stm32f407xx.o(.text)
    DMA1_Stream7_IRQHandler                  0x20000243   Thumb Code     0  startup_stm32f407xx.o(.text)
    DMA2_Stream0_IRQHandler                  0x20000243   Thumb Code     0  startup_stm32f407xx.o(.text)
    DMA2_Stream1_IRQHandler                  0x20000243   Thumb Code     0  startup_stm32f407xx.o(.text)
    DMA2_Stream2_IRQHandler                  0x20000243   Thumb Code     0  startup_stm32f407xx.o(.text)
    DMA2_Stream3_IRQHandler                  0x20000243   Thumb Code     0  startup_stm32f407xx.o(.text)
    DMA2_Stream4_IRQHandler                  0x20000243   Thumb Code     0  startup_stm32f407xx.o(.text)
    DMA2_Stream5_IRQHandler                  0x20000243   Thumb Code     0  startup_stm32f407xx.o(.text)
    DMA2_Stream6_IRQHandler                  0x20000243   Thumb Code     0  startup_stm32f407xx.o(.text)
    DMA2_Stream7_IRQHandler                  0x20000243   Thumb Code     0  startup_stm32f407xx.o(.text)
    ETH_IRQHandler                           0x20000243   Thumb Code     0  startup_stm32f407xx.o(.text)
    ETH_WKUP_IRQHandler                      0x20000243   Thumb Code     0  startup_stm32f407xx.o(.text)
    EXTI0_IRQHandler                         0x20000243   Thumb Code     0  startup_stm32f407xx.o(.text)
    EXTI15_10_IRQHandler                     0x20000243   Thumb Code     0  startup_stm32f407xx.o(.text)
    EXTI1_IRQHandler                         0x20000243   Thumb Code     0  startup_stm32f407xx.o(.text)
    EXTI2_IRQHandler                         0x20000243   Thumb Code     0  startup_stm32f407xx.o(.text)
    EXTI3_IRQHandler                         0x20000243   Thumb Code     0  startup_stm32f407xx.o(.text)
    EXTI4_IRQHandler                         0x20000243   Thumb Code     0  startup_stm32f407xx.o(.text)
    EXTI9_5_IRQHandler                       0x20000243   Thumb Code     0  startup_stm32f407xx.o(.text)
    FLASH_IRQHandler                         0x20000243   Thumb Code     0  startup_stm32f407xx.o(.text)
    FMC_IRQHandler                           0x20000243   Thumb Code     0  startup_stm32f407xx.o(.text)
    FPU_IRQHandler                           0x20000243   Thumb Code     0  startup_stm32f407xx.o(.text)
    HASH_RNG_IRQHandler                      0x20000243   Thumb Code     0  startup_stm32f407xx.o(.text)
    I2C1_ER_IRQHandler                       0x20000243   Thumb Code     0  startup_stm32f407xx.o(.text)
    I2C1_EV_IRQHandler                       0x20000243   Thumb Code     0  startup_stm32f407xx.o(.text)
    I2C2_ER_IRQHandler                       0x20000243   Thumb Code     0  startup_stm32f407xx.o(.text)
    I2C2_EV_IRQHandler                       0x20000243   Thumb Code     0  startup_stm32f407xx.o(.text)
    I2C3_ER_IRQHandler                       0x20000243   Thumb Code     0  startup_stm32f407xx.o(.text)
    I2C3_EV_IRQHandler                       0x20000243   Thumb Code     0  startup_stm32f407xx.o(.text)
    OTG_FS_IRQHandler                        0x20000243   Thumb Code     0  startup_stm32f407xx.o(.text)
    OTG_FS_WKUP_IRQHandler                   0x20000243   Thumb Code     0  startup_stm32f407xx.o(.text)
    OTG_HS_EP1_IN_IRQHandler                 0x20000243   Thumb Code     0  startup_stm32f407xx.o(.text)
    OTG_HS_EP1_OUT_IRQHandler                0x20000243   Thumb Code     0  startup_stm32f407xx.o(.text)
    OTG_HS_IRQHandler                        0x20000243   Thumb Code     0  startup_stm32f407xx.o(.text)
    OTG_HS_WKUP_IRQHandler                   0x20000243   Thumb Code     0  startup_stm32f407xx.o(.text)
    PVD_IRQHandler                           0x20000243   Thumb Code     0  startup_stm32f407xx.o(.text)
    RCC_IRQHandler                           0x20000243   Thumb Code     0  startup_stm32f407xx.o(.text)
    RTC_Alarm_IRQHandler                     0x20000243   Thumb Code     0  startup_stm32f407xx.o(.text)
    RTC_WKUP_IRQHandler                      0x20000243   Thumb Code     0  startup_stm32f407xx.o(.text)
    SDIO_IRQHandler                          0x20000243   Thumb Code     0  startup_stm32f407xx.o(.text)
    SPI1_IRQHandler                          0x20000243   Thumb Code     0  startup_stm32f407xx.o(.text)
    SPI2_IRQHandler                          0x20000243   Thumb Code     0  startup_stm32f407xx.o(.text)
    SPI3_IRQHandler                          0x20000243   Thumb Code     0  startup_stm32f407xx.o(.text)
    TAMP_STAMP_IRQHandler                    0x20000243   Thumb Code     0  startup_stm32f407xx.o(.text)
    TIM1_BRK_TIM9_IRQHandler                 0x20000243   Thumb Code     0  startup_stm32f407xx.o(.text)
    TIM1_CC_IRQHandler                       0x20000243   Thumb Code     0  startup_stm32f407xx.o(.text)
    TIM1_TRG_COM_TIM11_IRQHandler            0x20000243   Thumb Code     0  startup_stm32f407xx.o(.text)
    TIM1_UP_TIM10_IRQHandler                 0x20000243   Thumb Code     0  startup_stm32f407xx.o(.text)
    TIM2_IRQHandler                          0x20000243   Thumb Code     0  startup_stm32f407xx.o(.text)
    TIM3_IRQHandler                          0x20000243   Thumb Code     0  startup_stm32f407xx.o(.text)
    TIM4_IRQHandler                          0x20000243   Thumb Code     0  startup_stm32f407xx.o(.text)
    TIM5_IRQHandler                          0x20000243   Thumb Code     0  startup_stm32f407xx.o(.text)
    TIM6_DAC_IRQHandler                      0x20000243   Thumb Code     0  startup_stm32f407xx.o(.text)
    TIM8_CC_IRQHandler                       0x20000243   Thumb Code     0  startup_stm32f407xx.o(.text)
    TIM8_TRG_COM_TIM14_IRQHandler            0x20000243   Thumb Code     0  startup_stm32f407xx.o(.text)
    TIM8_UP_TIM13_IRQHandler                 0x20000243   Thumb Code     0  startup_stm32f407xx.o(.text)
    UART4_IRQHandler                         0x20000243   Thumb Code     0  startup_stm32f407xx.o(.text)
    UART5_IRQHandler                         0x20000243   Thumb Code     0  startup_stm32f407xx.o(.text)
    USART1_IRQHandler                        0x20000243   Thumb Code     0  startup_stm32f407xx.o(.text)
    USART2_IRQHandler                        0x20000243   Thumb Code     0  startup_stm32f407xx.o(.text)
    USART3_IRQHandler                        0x20000243   Thumb Code     0  startup_stm32f407xx.o(.text)
    WWDG_IRQHandler                          0x20000243   Thumb Code     0  startup_stm32f407xx.o(.text)
    __user_initial_stackheap                 0x20000245   Thumb Code     0  startup_stm32f407xx.o(.text)
    __use_two_region_memory                  0x20000269   Thumb Code     2  heapauxi.o(.text)
    __rt_heap_escrow$2region                 0x2000026b   Thumb Code     2  heapauxi.o(.text)
    __rt_heap_expand$2region                 0x2000026d   Thumb Code     2  heapauxi.o(.text)
    __user_setup_stackheap                   0x2000026f   Thumb Code    74  sys_stackheap_outer.o(.text)
    exit                                     0x200002b9   Thumb Code    18  exit.o(.text)
    __user_libspace                          0x200002cd   Thumb Code     8  libspace.o(.text)
    __user_perproc_libspace                  0x200002cd   Thumb Code     0  libspace.o(.text)
    __user_perthread_libspace                0x200002cd   Thumb Code     0  libspace.o(.text)
    _sys_exit                                0x200002d5   Thumb Code     8  sys_exit.o(.text)
    __I$use$semihosting                      0x200002e1   Thumb Code     0  use_no_semi.o(.text)
    __use_no_semihosting_swi                 0x200002e1   Thumb Code     2  use_no_semi.o(.text)
    __semihosting_library_function           0x200002e3   Thumb Code     0  indicate_semi.o(.text)
    ADC_IRQHandler                           0x200002e5   Thumb Code   110  main.o(i.ADC_IRQHandler)
    LCD_ClearDisplay                         0x20000369   Thumb Code    32  main.o(i.LCD_ClearDisplay)
    LCD_DrawPixel                            0x20000389   Thumb Code    14  main.o(i.LCD_DrawPixel)
    LCD_Init                                 0x20000399   Thumb Code   252  main.o(i.LCD_Init)
    LCD_Output16BitWord                      0x20000499   Thumb Code    86  main.o(i.LCD_Output16BitWord)
    LCD_SetCursor                            0x200004f9   Thumb Code    24  main.o(i.LCD_SetCursor)
    LCD_WriteCommand                         0x20000511   Thumb Code    68  main.o(i.LCD_WriteCommand)
    LCD_WriteData                            0x2000055d   Thumb Code    68  main.o(i.LCD_WriteData)
    LCD_WriteLetter                          0x200005a9   Thumb Code   146  main.o(i.LCD_WriteLetter)
    LCD_WriteReg                             0x20000641   Thumb Code    20  main.o(i.LCD_WriteReg)
    LCD_WriteString                          0x20000655   Thumb Code    56  main.o(i.LCD_WriteString)
    LCD_toggle_backlight                     0x2000068d   Thumb Code    14  main.o(i.LCD_toggle_backlight)
    LEDs_InitPorts                           0x200006a1   Thumb Code    72  main.o(i.LEDs_InitPorts)
    SysTick_Handler                          0x20000705   Thumb Code    18  _mcpr_stm32f407_all.o(i.SysTick_Handler)
    SystemCoreClockUpdate                    0x2000071d   Thumb Code   170  system_stm32f4xx.o(i.SystemCoreClockUpdate)
    SystemInit                               0x200007dd   Thumb Code    22  system_stm32f4xx.o(i.SystemInit)
    TIM7_IRQHandler                          0x200007fd   Thumb Code    28  main.o(i.TIM7_IRQHandler)
    TIM8_BRK_TIM12_IRQHandler                0x20000821   Thumb Code    70  main.o(i.TIM8_BRK_TIM12_IRQHandler)
    USART6_IRQHandler                        0x20000875   Thumb Code   324  main.o(i.USART6_IRQHandler)
    activate_row                             0x20000a19   Thumb Code    18  main.o(i.activate_row)
    adc_start                                0x20000a31   Thumb Code    34  main.o(i.adc_start)
    adc_write_data                           0x20000a5d   Thumb Code    58  main.o(i.adc_write_data)
    calcFrequency                            0x20000a9d   Thumb Code   136  main.o(i.calcFrequency)
    check_input_changes                      0x20000b49   Thumb Code    32  main.o(i.check_input_changes)
    check_keys_in_row                        0x20000b69   Thumb Code    40  main.o(i.check_keys_in_row)
    deactivate_row                           0x20000b95   Thumb Code    14  main.o(i.deactivate_row)
    indicate_keyboard_actions                0x20000ba9   Thumb Code    24  main.o(i.indicate_keyboard_actions)
    intToString                              0x20000bc1   Thumb Code    38  main.o(i.intToString)
    keyboard_port_init                       0x20000be9   Thumb Code    80  main.o(i.keyboard_port_init)
    lin_init                                 0x20000c45   Thumb Code   164  main.o(i.lin_init)
    main                                     0x20000cf9   Thumb Code   404  main.o(i.main)
    mcpr_SetSystemCoreClock                  0x20000fbd   Thumb Code    16  _mcpr_stm32f407_all.o(i.mcpr_SetSystemCoreClock)
    portInitGreenLed                         0x20000fcd   Thumb Code    58  main.o(i.portInitGreenLed)
    pot_init                                 0x20001015   Thumb Code    76  main.o(i.pot_init)
    read_input                               0x2000106d   Thumb Code    60  main.o(i.read_input)
    setPWM                                   0x200010a9   Thumb Code    44  main.o(i.setPWM)
    short2bitstring                          0x200010dd   Thumb Code    40  main.o(i.short2bitstring)
    throttle_init                            0x20001105   Thumb Code   150  main.o(i.throttle_init)
    tim12_config                             0x200011ad   Thumb Code   200  main.o(i.tim12_config)
    tim12_init                               0x20001281   Thumb Code   104  main.o(i.tim12_init)
    tim7_init                                0x200012f5   Thumb Code    74  main.o(i.tim7_init)
    toggleGreenLed                           0x20001349   Thumb Code    74  main.o(i.toggleGreenLed)
    u_delay                                  0x2000139d   Thumb Code    30  main.o(i.u_delay)
    usartResponseInit                        0x200013bd   Thumb Code   184  main.o(i.usartResponseInit)
    user_btn_LCD_action                      0x20001489   Thumb Code    84  main.o(i.user_btn_LCD_action)
    user_btn_LED_action                      0x200014e9   Thumb Code    64  main.o(i.user_btn_LED_action)
    _fp_init                                 0x20001531   Thumb Code    10  fpinit.o(x$fpl$fpinit)
    __fplib_config_fpu_vfp                   0x20001539   Thumb Code     0  fpinit.o(x$fpl$fpinit)
    __fplib_config_pureend_doubles           0x20001539   Thumb Code     0  fpinit.o(x$fpl$fpinit)
    console_font_12x16                       0x2000153a   Data        8192  main.o(.constdata)
    AHBPrescTable                            0x2000353a   Data          16  system_stm32f4xx.o(.constdata)
    APBPrescTable                            0x2000354a   Data           8  system_stm32f4xx.o(.constdata)
    Region$$Table$$Base                      0x20003554   Number         0  anon$$obj.o(Region$$Table)
    Region$$Table$$Limit                     0x20003574   Number         0  anon$$obj.o(Region$$Table)
    adc_state                                0x20008000   Data           1  main.o(.data)
    input_old                                0x20008002   Data           2  main.o(.data)
    ms                                       0x20008004   Data           4  main.o(.data)
    user_btn_pressed                         0x20008008   Data           2  main.o(.data)
    LED_activated_by_key                     0x2000800a   Data           2  main.o(.data)
    LED_timer                                0x2000800c   Data           2  main.o(.data)
    backlight_flash_timer                    0x2000800e   Data           2  main.o(.data)
    adc_channel_idx                          0x20008010   Data           2  main.o(.data)
    usart_state                              0x20008012   Data           1  main.o(.data)
    linDataBuffer                            0x20008013   Data           5  main.o(.data)
    linDataBuffer_idx                        0x20008018   Data           1  main.o(.data)
    linDataBuffer_idx_max                    0x20008019   Data           1  main.o(.data)
    tim12_mode                               0x2000801a   Data           2  main.o(.data)
    tim12_mode_cnt                           0x2000801c   Data           2  main.o(.data)
    last_cnt                                 0x20008020   Data           4  main.o(.data)
    delta_cnt                                0x20008024   Data           4  main.o(.data)
    tim12_overflows                          0x20008028   Data           2  main.o(.data)
    f                                        0x2000802c   Data           4  main.o(.data)
    adc_res_percent                          0x20008030   Data           8  main.o(.data)
    adc_channel                              0x20008038   Data           8  main.o(.data)
    SystemCoreClock                          0x20008044   Data           4  system_stm32f4xx.o(.data)
    __libspace_start                         0x20008048   Data          96  libspace.o(.bss)
    __temporary_stack_top$libspace           0x200080a8   Data           0  libspace.o(.bss)



==============================================================================

Memory Map of the image

  Image Entry point : 0x20000189

  Load Region LR_IROM1 (Base: 0x20000000, Size: 0x000035bc, Max: 0x00008000, ABSOLUTE)

    Execution Region ER_IROM1 (Exec base: 0x20000000, Load base: 0x20000000, Size: 0x00003574, Max: 0x00008000, ABSOLUTE)

    Exec Addr    Load Addr    Size         Type   Attr      Idx    E Section Name        Object

    0x20000000   0x20000000   0x00000188   Data   RO          403    RESET               startup_stm32f407xx.o
    0x20000188   0x20000188   0x00000008   Code   RO          453  * !!!main             c_w.l(__main.o)
    0x20000190   0x20000190   0x00000034   Code   RO          612    !!!scatter          c_w.l(__scatter.o)
    0x200001c4   0x200001c4   0x0000001a   Code   RO          614    !!handler_copy      c_w.l(__scatter_copy.o)
    0x200001de   0x200001de   0x00000002   PAD
    0x200001e0   0x200001e0   0x0000001c   Code   RO          616    !!handler_zi        c_w.l(__scatter_zi.o)
    0x200001fc   0x200001fc   0x00000002   Code   RO          480    .ARM.Collect$$libinit$$00000000  c_w.l(libinit.o)
    0x200001fe   0x200001fe   0x00000004   Code   RO          486    .ARM.Collect$$libinit$$00000001  c_w.l(libinit2.o)
    0x20000202   0x20000202   0x00000000   Code   RO          489    .ARM.Collect$$libinit$$00000004  c_w.l(libinit2.o)
    0x20000202   0x20000202   0x00000000   Code   RO          492    .ARM.Collect$$libinit$$0000000A  c_w.l(libinit2.o)
    0x20000202   0x20000202   0x00000000   Code   RO          494    .ARM.Collect$$libinit$$0000000C  c_w.l(libinit2.o)
    0x20000202   0x20000202   0x00000000   Code   RO          496    .ARM.Collect$$libinit$$0000000E  c_w.l(libinit2.o)
    0x20000202   0x20000202   0x00000000   Code   RO          499    .ARM.Collect$$libinit$$00000011  c_w.l(libinit2.o)
    0x20000202   0x20000202   0x00000000   Code   RO          501    .ARM.Collect$$libinit$$00000013  c_w.l(libinit2.o)
    0x20000202   0x20000202   0x00000000   Code   RO          503    .ARM.Collect$$libinit$$00000015  c_w.l(libinit2.o)
    0x20000202   0x20000202   0x00000000   Code   RO          505    .ARM.Collect$$libinit$$00000017  c_w.l(libinit2.o)
    0x20000202   0x20000202   0x00000000   Code   RO          507    .ARM.Collect$$libinit$$00000019  c_w.l(libinit2.o)
    0x20000202   0x20000202   0x00000000   Code   RO          509    .ARM.Collect$$libinit$$0000001B  c_w.l(libinit2.o)
    0x20000202   0x20000202   0x00000000   Code   RO          511    .ARM.Collect$$libinit$$0000001D  c_w.l(libinit2.o)
    0x20000202   0x20000202   0x00000000   Code   RO          513    .ARM.Collect$$libinit$$0000001F  c_w.l(libinit2.o)
    0x20000202   0x20000202   0x00000000   Code   RO          515    .ARM.Collect$$libinit$$00000021  c_w.l(libinit2.o)
    0x20000202   0x20000202   0x00000000   Code   RO          517    .ARM.Collect$$libinit$$00000023  c_w.l(libinit2.o)
    0x20000202   0x20000202   0x00000000   Code   RO          519    .ARM.Collect$$libinit$$00000025  c_w.l(libinit2.o)
    0x20000202   0x20000202   0x00000000   Code   RO          523    .ARM.Collect$$libinit$$0000002C  c_w.l(libinit2.o)
    0x20000202   0x20000202   0x00000000   Code   RO          525    .ARM.Collect$$libinit$$0000002E  c_w.l(libinit2.o)
    0x20000202   0x20000202   0x00000000   Code   RO          527    .ARM.Collect$$libinit$$00000030  c_w.l(libinit2.o)
    0x20000202   0x20000202   0x00000000   Code   RO          529    .ARM.Collect$$libinit$$00000032  c_w.l(libinit2.o)
    0x20000202   0x20000202   0x00000002   Code   RO          530    .ARM.Collect$$libinit$$00000033  c_w.l(libinit2.o)
    0x20000204   0x20000204   0x00000002   Code   RO          550    .ARM.Collect$$libshutdown$$00000000  c_w.l(libshutdown.o)
    0x20000206   0x20000206   0x00000000   Code   RO          563    .ARM.Collect$$libshutdown$$00000002  c_w.l(libshutdown2.o)
    0x20000206   0x20000206   0x00000000   Code   RO          565    .ARM.Collect$$libshutdown$$00000004  c_w.l(libshutdown2.o)
    0x20000206   0x20000206   0x00000000   Code   RO          567    .ARM.Collect$$libshutdown$$00000006  c_w.l(libshutdown2.o)
    0x20000206   0x20000206   0x00000000   Code   RO          570    .ARM.Collect$$libshutdown$$00000009  c_w.l(libshutdown2.o)
    0x20000206   0x20000206   0x00000000   Code   RO          573    .ARM.Collect$$libshutdown$$0000000C  c_w.l(libshutdown2.o)
    0x20000206   0x20000206   0x00000000   Code   RO          575    .ARM.Collect$$libshutdown$$0000000E  c_w.l(libshutdown2.o)
    0x20000206   0x20000206   0x00000000   Code   RO          578    .ARM.Collect$$libshutdown$$00000011  c_w.l(libshutdown2.o)
    0x20000206   0x20000206   0x00000002   Code   RO          579    .ARM.Collect$$libshutdown$$00000012  c_w.l(libshutdown2.o)
    0x20000208   0x20000208   0x00000000   Code   RO          455    .ARM.Collect$$rtentry$$00000000  c_w.l(__rtentry.o)
    0x20000208   0x20000208   0x00000000   Code   RO          457    .ARM.Collect$$rtentry$$00000002  c_w.l(__rtentry2.o)
    0x20000208   0x20000208   0x00000006   Code   RO          469    .ARM.Collect$$rtentry$$00000004  c_w.l(__rtentry4.o)
    0x2000020e   0x2000020e   0x00000000   Code   RO          459    .ARM.Collect$$rtentry$$00000009  c_w.l(__rtentry2.o)
    0x2000020e   0x2000020e   0x00000004   Code   RO          460    .ARM.Collect$$rtentry$$0000000A  c_w.l(__rtentry2.o)
    0x20000212   0x20000212   0x00000000   Code   RO          462    .ARM.Collect$$rtentry$$0000000C  c_w.l(__rtentry2.o)
    0x20000212   0x20000212   0x00000008   Code   RO          463    .ARM.Collect$$rtentry$$0000000D  c_w.l(__rtentry2.o)
    0x2000021a   0x2000021a   0x00000002   Code   RO          484    .ARM.Collect$$rtexit$$00000000  c_w.l(rtexit.o)
    0x2000021c   0x2000021c   0x00000000   Code   RO          532    .ARM.Collect$$rtexit$$00000002  c_w.l(rtexit2.o)
    0x2000021c   0x2000021c   0x00000004   Code   RO          533    .ARM.Collect$$rtexit$$00000003  c_w.l(rtexit2.o)
    0x20000220   0x20000220   0x00000006   Code   RO          534    .ARM.Collect$$rtexit$$00000004  c_w.l(rtexit2.o)
    0x20000226   0x20000226   0x00000002   PAD
    0x20000228   0x20000228   0x00000040   Code   RO          404    .text               startup_stm32f407xx.o
    0x20000268   0x20000268   0x00000006   Code   RO          451    .text               c_w.l(heapauxi.o)
    0x2000026e   0x2000026e   0x0000004a   Code   RO          471    .text               c_w.l(sys_stackheap_outer.o)
    0x200002b8   0x200002b8   0x00000012   Code   RO          473    .text               c_w.l(exit.o)
    0x200002ca   0x200002ca   0x00000002   PAD
    0x200002cc   0x200002cc   0x00000008   Code   RO          481    .text               c_w.l(libspace.o)
    0x200002d4   0x200002d4   0x0000000c   Code   RO          542    .text               c_w.l(sys_exit.o)
    0x200002e0   0x200002e0   0x00000002   Code   RO          553    .text               c_w.l(use_no_semi.o)
    0x200002e2   0x200002e2   0x00000000   Code   RO          555    .text               c_w.l(indicate_semi.o)
    0x200002e2   0x200002e2   0x00000002   PAD
    0x200002e4   0x200002e4   0x00000084   Code   RO            4    i.ADC_IRQHandler    main.o
    0x20000368   0x20000368   0x00000020   Code   RO            5    i.LCD_ClearDisplay  main.o
    0x20000388   0x20000388   0x0000000e   Code   RO            6    i.LCD_DrawPixel     main.o
    0x20000396   0x20000396   0x00000002   PAD
    0x20000398   0x20000398   0x00000100   Code   RO            7    i.LCD_Init          main.o
    0x20000498   0x20000498   0x00000060   Code   RO            8    i.LCD_Output16BitWord  main.o
    0x200004f8   0x200004f8   0x00000018   Code   RO            9    i.LCD_SetCursor     main.o
    0x20000510   0x20000510   0x0000004c   Code   RO           10    i.LCD_WriteCommand  main.o
    0x2000055c   0x2000055c   0x0000004c   Code   RO           11    i.LCD_WriteData     main.o
    0x200005a8   0x200005a8   0x00000098   Code   RO           12    i.LCD_WriteLetter   main.o
    0x20000640   0x20000640   0x00000014   Code   RO           13    i.LCD_WriteReg      main.o
    0x20000654   0x20000654   0x00000038   Code   RO           14    i.LCD_WriteString   main.o
    0x2000068c   0x2000068c   0x00000014   Code   RO           15    i.LCD_toggle_backlight  main.o
    0x200006a0   0x200006a0   0x00000064   Code   RO           16    i.LEDs_InitPorts    main.o
    0x20000704   0x20000704   0x00000018   Code   RO          333    i.SysTick_Handler   _mcpr_stm32f407_all.o
    0x2000071c   0x2000071c   0x000000c0   Code   RO          411    i.SystemCoreClockUpdate  system_stm32f4xx.o
    0x200007dc   0x200007dc   0x0000001c   Code   RO          412    i.SystemInit        system_stm32f4xx.o
    0x200007f8   0x200007f8   0x00000002   Code   RO          334    i.SystemInit_ExtMemCtl  _mcpr_stm32f407_all.o
    0x200007fa   0x200007fa   0x00000002   PAD
    0x200007fc   0x200007fc   0x00000024   Code   RO           17    i.TIM7_IRQHandler   main.o
    0x20000820   0x20000820   0x00000054   Code   RO           18    i.TIM8_BRK_TIM12_IRQHandler  main.o
    0x20000874   0x20000874   0x00000158   Code   RO           19    i.USART6_IRQHandler  main.o
    0x200009cc   0x200009cc   0x00000022   Code   RO           20    i.__NVIC_EnableIRQ  main.o
    0x200009ee   0x200009ee   0x00000002   PAD
    0x200009f0   0x200009f0   0x00000028   Code   RO           21    i.__NVIC_SetPriority  main.o
    0x20000a18   0x20000a18   0x00000018   Code   RO           22    i.activate_row      main.o
    0x20000a30   0x20000a30   0x0000002c   Code   RO           23    i.adc_start         main.o
    0x20000a5c   0x20000a5c   0x00000040   Code   RO           24    i.adc_write_data    main.o
    0x20000a9c   0x20000a9c   0x000000ac   Code   RO           25    i.calcFrequency     main.o
    0x20000b48   0x20000b48   0x00000020   Code   RO           26    i.check_input_changes  main.o
    0x20000b68   0x20000b68   0x0000002c   Code   RO           27    i.check_keys_in_row  main.o
    0x20000b94   0x20000b94   0x00000014   Code   RO           28    i.deactivate_row    main.o
    0x20000ba8   0x20000ba8   0x00000018   Code   RO           30    i.indicate_keyboard_actions  main.o
    0x20000bc0   0x20000bc0   0x00000026   Code   RO           31    i.intToString       main.o
    0x20000be6   0x20000be6   0x00000002   PAD
    0x20000be8   0x20000be8   0x0000005c   Code   RO           32    i.keyboard_port_init  main.o
    0x20000c44   0x20000c44   0x000000b4   Code   RO           33    i.lin_init          main.o
    0x20000cf8   0x20000cf8   0x000001c8   Code   RO           34    i.main              main.o
    0x20000ec0   0x20000ec0   0x000000fc   Code   RO          336    i.mcpr_SetSysClock  _mcpr_stm32f407_all.o
    0x20000fbc   0x20000fbc   0x00000010   Code   RO          338    i.mcpr_SetSystemCoreClock  _mcpr_stm32f407_all.o
    0x20000fcc   0x20000fcc   0x00000048   Code   RO           35    i.portInitGreenLed  main.o
    0x20001014   0x20001014   0x00000058   Code   RO           36    i.pot_init          main.o
    0x2000106c   0x2000106c   0x0000003c   Code   RO           37    i.read_input        main.o
    0x200010a8   0x200010a8   0x00000034   Code   RO           38    i.setPWM            main.o
    0x200010dc   0x200010dc   0x00000028   Code   RO           39    i.short2bitstring   main.o
    0x20001104   0x20001104   0x000000a8   Code   RO           40    i.throttle_init     main.o
    0x200011ac   0x200011ac   0x000000d4   Code   RO           41    i.tim12_config      main.o
    0x20001280   0x20001280   0x00000074   Code   RO           42    i.tim12_init        main.o
    0x200012f4   0x200012f4   0x00000054   Code   RO           43    i.tim7_init         main.o
    0x20001348   0x20001348   0x00000054   Code   RO           44    i.toggleGreenLed    main.o
    0x2000139c   0x2000139c   0x0000001e   Code   RO           45    i.u_delay           main.o
    0x200013ba   0x200013ba   0x00000002   PAD
    0x200013bc   0x200013bc   0x000000cc   Code   RO           46    i.usartResponseInit  main.o
    0x20001488   0x20001488   0x00000060   Code   RO           47    i.user_btn_LCD_action  main.o
    0x200014e8   0x200014e8   0x00000048   Code   RO           48    i.user_btn_LED_action  main.o
    0x20001530   0x20001530   0x0000000a   Code   RO          540    x$fpl$fpinit        fz_wm.l(fpinit.o)
    0x2000153a   0x2000153a   0x00002000   Data   RO           49    .constdata          main.o
    0x2000353a   0x2000353a   0x00000018   Data   RO          413    .constdata          system_stm32f4xx.o
    0x20003552   0x20003552   0x00000002   PAD
    0x20003554   0x20003554   0x00000020   Data   RO          610    Region$$Table       anon$$obj.o


    Execution Region RW_IRAM1 (Exec base: 0x20008000, Load base: 0x20003574, Size: 0x000006a8, Max: 0x00018000, ABSOLUTE)

    Exec Addr    Load Addr    Size         Type   Attr      Idx    E Section Name        Object

    0x20008000   0x20003574   0x00000040   Data   RW           50    .data               main.o
    0x20008040   0x200035b4   0x00000004   Data   RW          339    .data               _mcpr_stm32f407_all.o
    0x20008044   0x200035b8   0x00000004   Data   RW          414    .data               system_stm32f4xx.o
    0x20008048        -       0x00000060   Zero   RW          482    .bss                c_w.l(libspace.o)
    0x200080a8        -       0x00000200   Zero   RW          402    HEAP                startup_stm32f407xx.o
    0x200082a8        -       0x00000400   Zero   RW          401    STACK               startup_stm32f407xx.o


==============================================================================

Image component sizes


      Code (inc. data)   RO Data    RW Data    ZI Data      Debug   Object Name

       294         32          0          4          0       2852   _mcpr_stm32f407_all.o
      4160        432       8192         64          0     621164   main.o
        64         26        392          0       1536        880   startup_stm32f407xx.o
       220         28         24          4          0       2207   system_stm32f4xx.o

    ----------------------------------------------------------------------
      4748        518       8642         72       1536     627103   Object Totals
         0          0         32          0          0          0   (incl. Generated)
        10          0          2          0          0          0   (incl. Padding)

    ----------------------------------------------------------------------

      Code (inc. data)   RO Data    RW Data    ZI Data      Debug   Library Member Name

         8          0          0          0          0         68   __main.o
         0          0          0          0          0          0   __rtentry.o
        12          0          0          0          0          0   __rtentry2.o
         6          0          0          0          0          0   __rtentry4.o
        52          8          0          0          0          0   __scatter.o
        26          0          0          0          0          0   __scatter_copy.o
        28          0          0          0          0          0   __scatter_zi.o
        18          0          0          0          0         80   exit.o
         6          0          0          0          0        152   heapauxi.o
         0          0          0          0          0          0   indicate_semi.o
         2          0          0          0          0          0   libinit.o
         6          0          0          0          0          0   libinit2.o
         2          0          0          0          0          0   libshutdown.o
         2          0          0          0          0          0   libshutdown2.o
         8          4          0          0         96         68   libspace.o
         2          0          0          0          0          0   rtexit.o
        10          0          0          0          0          0   rtexit2.o
        12          4          0          0          0         68   sys_exit.o
        74          0          0          0          0         80   sys_stackheap_outer.o
         2          0          0          0          0         68   use_no_semi.o
        10          0          0          0          0        116   fpinit.o

    ----------------------------------------------------------------------
       294         16          0          0         96        700   Library Totals
         8          0          0          0          0          0   (incl. Padding)

    ----------------------------------------------------------------------

      Code (inc. data)   RO Data    RW Data    ZI Data      Debug   Library Name

       276         16          0          0         96        584   c_w.l
        10          0          0          0          0        116   fz_wm.l

    ----------------------------------------------------------------------
       294         16          0          0         96        700   Library Totals

    ----------------------------------------------------------------------

==============================================================================


      Code (inc. data)   RO Data    RW Data    ZI Data      Debug   

      5042        534       8642         72       1632     623047   Grand Totals
      5042        534       8642         72       1632     623047   ELF Image Totals
      5042        534       8642         72          0          0   ROM Totals

==============================================================================

    Total RO  Size (Code + RO Data)                13684 (  13.36kB)
    Total RW  Size (RW Data + ZI Data)              1704 (   1.66kB)
    Total ROM Size (Code + RO Data + RW Data)      13756 (  13.43kB)

==============================================================================

